py : Creating test 
database for alias 
'default'...
En línea: 1 Carácter: 1
+ py manage.py test 
calculator.tests > 
test_output.txt 2>&1
+ ~~~~~~~~~~~~~~~~~~~~~
~~~~~~~~~~~~~~~~~~~~~~~
~~~~~~~~~~~~~
    + CategoryInfo     
         : NotSpecifi  
  ed: (Creating test   
  d...as 'default'.    
..:String) [], Rem    
oteException
    + FullyQualifiedEr 
   rorId : NativeComm  
  andError
 

F...
=======================
=======================
=======================
=
FAIL: test_amortization
_table_sum (calculator.
tests.test_calculations
.FinancialCalculationsT
est.test_amortization_t
able_sum)
-----------------------
-----------------------
-----------------------
-
Traceback (most recent 
call last):
  File "C:\Users\andre\
OneDrive\Escritorio\AIA
GENT\calculator\tests\t
est_calculations.py", 
line 62, in test_amorti
zation_table_sum
    self.assertEqual(re
sult["payment"], 
expected_pmt)
    ~~~~~~~~~~~~~~~~^^^
^^^^^^^^^^^^^^^^^^^^^^^
^^^^^^^
AssertionError: Decimal
('340.02211148') != 
Decimal('340.02211244')

-----------------------
-----------------------
-----------------------
-
Ran 4 tests in 0.002s

FAILED (failures=1)
Destroying test 
database for alias 
'default'...

Found 4 test(s).
System check identified no issues (0 silenced).
